// Jest Snapshot v1, https://goo.gl/fbAQLP

exports[`planPrimitives — deterministic / stable output (regression) is a stable snapshot of the prototype room 1`] = `
[
  {
    "fromPolygon": false,
    "kind": "floor",
    "points": [
      {
        "x": 0,
        "z": 0,
      },
      {
        "x": 19,
        "z": 0,
      },
      {
        "x": 19,
        "z": 14,
      },
      {
        "x": 0,
        "z": 14,
      },
    ],
  },
  {
    "kind": "wallStrip",
    "lowConf": false,
    "name": "North wall (west run)",
    "rect": {
      "angleDeg": 0,
      "cx": 6.5,
      "cz": -0.225,
      "d": 0.45,
      "w": 13.9,
    },
    "tip": "North wall (west run) — 13′ 0″",
    "wallIndex": 0,
  },
  {
    "kind": "wallStrip",
    "lowConf": true,
    "name": "North wall (east run)",
    "rect": {
      "angleDeg": 0,
      "cx": 16,
      "cz": -0.225,
      "d": 0.45,
      "w": 6.9,
    },
    "tip": "North wall (east run) — 6′ 0″ · low confidence — verify on site",
    "wallIndex": 1,
  },
  {
    "kind": "wallStrip",
    "lowConf": false,
    "name": "East wall",
    "rect": {
      "angleDeg": 90,
      "cx": 19.225,
      "cz": 7,
      "d": 0.45,
      "w": 14.9,
    },
    "tip": "East wall — 14′ 0″",
    "wallIndex": 2,
  },
  {
    "kind": "wallStrip",
    "lowConf": false,
    "name": "South wall",
    "rect": {
      "angleDeg": 0,
      "cx": 9.5,
      "cz": 14.225,
      "d": 0.45,
      "w": 19.9,
    },
    "tip": "South wall — 19′ 0″",
    "wallIndex": 3,
  },
  {
    "kind": "wallStrip",
    "lowConf": false,
    "name": "West wall",
    "rect": {
      "angleDeg": 90,
      "cx": -0.225,
      "cz": 7,
      "d": 0.45,
      "w": 14.9,
    },
    "tip": "West wall — 14′ 0″",
    "wallIndex": 4,
  },
  {
    "kind": "windowClear",
    "rect": {
      "angleDeg": 90,
      "cx": -0.225,
      "cz": 4.5,
      "d": 0.45,
      "w": 4,
    },
    "tip": "window — 4′ 0″ wide · sill 2′ 6″",
    "wallIndex": 4,
    "windowIndex": 0,
  },
  {
    "kind": "windowLines",
    "lines": [
      {
        "x1": 0,
        "x2": 0,
        "z1": 2.5,
        "z2": 6.5,
      },
      {
        "x1": -0.225,
        "x2": -0.225,
        "z1": 2.5,
        "z2": 6.5,
      },
      {
        "x1": -0.45,
        "x2": -0.45,
        "z1": 2.5,
        "z2": 6.5,
      },
    ],
    "wallIndex": 4,
    "windowIndex": 0,
  },
  {
    "kind": "windowClear",
    "rect": {
      "angleDeg": 90,
      "cx": -0.225,
      "cz": 10.5,
      "d": 0.45,
      "w": 4,
    },
    "tip": "window — 4′ 0″ wide · sill 2′ 6″",
    "wallIndex": 4,
    "windowIndex": 1,
  },
  {
    "kind": "windowLines",
    "lines": [
      {
        "x1": 0,
        "x2": 0,
        "z1": 8.5,
        "z2": 12.5,
      },
      {
        "x1": -0.225,
        "x2": -0.225,
        "z1": 8.5,
        "z2": 12.5,
      },
      {
        "x1": -0.45,
        "x2": -0.45,
        "z1": 8.5,
        "z2": 12.5,
      },
    ],
    "wallIndex": 4,
    "windowIndex": 1,
  },
  {
    "doorIndex": 0,
    "kind": "doorClear",
    "rect": {
      "angleDeg": 0,
      "cx": 17,
      "cz": 14.225,
      "d": 0.45,
      "w": 3,
    },
    "tip": "door — 3′ 0″ wide",
    "wallIndex": 3,
  },
  {
    "doorIndex": 0,
    "kind": "doorLeaf",
    "line": {
      "x1": 15.5,
      "x2": 15.5,
      "z1": 14,
      "z2": 11,
    },
    "wallIndex": 3,
  },
  {
    "cat": "sofa",
    "kind": "ghostObject",
    "label": "sofa · 84″ × 36″",
    "labelAnchor": {
      "x": 17.1,
      "z": 7,
    },
    "lowConf": false,
    "objectIndex": 0,
    "rect": {
      "angleDeg": 0,
      "cx": 17.1,
      "cz": 7,
      "d": 7,
      "w": 3,
    },
    "tip": "sofa · 84″ × 36″",
  },
  {
    "cat": "table",
    "kind": "ghostObject",
    "label": "coffee table · 48″ × 24″",
    "labelAnchor": {
      "x": 13.6,
      "z": 7.5,
    },
    "lowConf": false,
    "objectIndex": 1,
    "rect": {
      "angleDeg": 0,
      "cx": 13.6,
      "cz": 7.5,
      "d": 4,
      "w": 2,
    },
    "tip": "coffee table · 48″ × 24″",
  },
  {
    "cat": "chair",
    "kind": "ghostObject",
    "label": "chair · 31″ × 31″",
    "labelAnchor": {
      "x": 7.3,
      "z": 2.9000000000000004,
    },
    "lowConf": false,
    "objectIndex": 2,
    "rect": {
      "angleDeg": 0,
      "cx": 7.3,
      "cz": 2.9000000000000004,
      "d": 2.6,
      "w": 2.6,
    },
    "tip": "chair · 31″ × 31″",
  },
  {
    "cat": "chair",
    "kind": "ghostObject",
    "label": "chair · 31″ × 31″",
    "labelAnchor": {
      "x": 7.3,
      "z": 11.100000000000001,
    },
    "lowConf": false,
    "objectIndex": 3,
    "rect": {
      "angleDeg": 0,
      "cx": 7.3,
      "cz": 11.100000000000001,
      "d": 2.6,
      "w": 2.6,
    },
    "tip": "chair · 31″ × 31″",
  },
  {
    "cat": "television",
    "kind": "ghostObject",
    "label": "media console · 60″ × 18″",
    "labelAnchor": {
      "x": 1.35,
      "z": 8.1,
    },
    "lowConf": false,
    "objectIndex": 4,
    "rect": {
      "angleDeg": 0,
      "cx": 1.35,
      "cz": 8.1,
      "d": 5,
      "w": 1.5,
    },
    "tip": "media console · 60″ × 18″",
  },
  {
    "angleDeg": 0,
    "axis": "width",
    "kind": "dimLabel",
    "text": "19′ 0″",
    "x": 9.5,
    "z": -0.8500000000000001,
  },
  {
    "angleDeg": -90,
    "axis": "depth",
    "kind": "dimLabel",
    "text": "14′ 0″",
    "x": -0.8500000000000001,
    "z": 7,
  },
]
`;
