BEGIN
SELECT 1
GRANT
INSERT 0 1
INSERT 0 1
INSERT 0 1
INSERT 0 1
INSERT 0 1
INSERT 0 1
INSERT 0 1
INSERT 0 1
INSERT 0 1
INSERT 0 1
                                 set_config                                 
----------------------------------------------------------------------------
 {"sub" : "ab100000-0000-4000-8000-000000000001", "role" : "authenticated"}
(1 row)

SET
=== the two predicates, on the same designer ===
 readers_gate_is_studio_comember | shipped_policy_gate | member_of_the_owning_studio 
---------------------------------+---------------------+-----------------------------
 t                               | f                   | f
(1 row)

=== what the definer readers hand a manufacturer-org co-member ===
   branch    | count 
-------------+-------
 rfq_link    |     1
 plan_link   |     1
 invoice_pay |     1
(3 rows)

=== the ledger they read ===
      tier      | count 
----------------+-------
 client_account |     2
 field_link     |     6
 invoice_pay    |     1
 plan_link      |     1
 rfq_link       |     1
 studio_member  |     2
(6 rows)

=== and the objects r5 tightened, for contrast ===
 site_cards | seats | authority 
------------+-------+-----------
          0 |     0 |         0
(1 row)

RESET
ROLLBACK
