### actor A: manufacturer-org co-member
=== 00627's four definer readers, over /rest/v1/rpc ===
  access_grants_invoice_links            -> HTTP 200 []
  access_grants_plan_transmittals        -> HTTP 200 []
  access_grants_trade_rfq                -> HTTP 200 []
  access_grants_trade_agreement_links    -> HTTP 200 []
=== v_access_grants, over /rest/v1 ===
  v_access_grants -> HTTP 200 [{"tier":"client_account","scope_type":"designer_client","scope_id":"1a8bbc4a-341b-4503-aba5-4d70caca35d0"}, 
 {"tier":"client_account","scope_type":"designer_client","scope_id":"d0000000-0000-0000-0000-00000000c001"}, 
 {"tier":"field_link","scope_type":"project","scope_id":"d0e00000-0000-0000-0000-00000000000b"}, 
 {"tier":"field_link","scope_type":"project","scope_id":"d0e00000-0000-0000-0000-0
=== r5 BLOCKING-1 control: identity_phone_numbers with my own org + a foreign key ===
  identity_phone_numbers -> HTTP 200 []
=== controls: the objects r5 tightened ===
  people_directory             -> HTTP 200 [{"person_id":"1a8bbc4a-341b-4503-aba5-4d70caca35d0","role":"client","display_name":"Client User","email":"client@patina
  people_directory_seats       -> HTTP 200 []
  project_site_access_cards    -> HTTP 200 []
  project_party_authority      -> HTTP 200 []
  studio_compliance_documents  -> HTTP 200 []

### actor B: design-studio co-member
=== 00627's four definer readers, over /rest/v1/rpc ===
  access_grants_invoice_links            -> HTTP 200 []
  access_grants_plan_transmittals        -> HTTP 200 []
  access_grants_trade_rfq                -> HTTP 200 []
  access_grants_trade_agreement_links    -> HTTP 200 []
=== v_access_grants, over /rest/v1 ===
  v_access_grants -> HTTP 200 [{"tier":"client_account","scope_type":"designer_client","scope_id":"1a8bbc4a-341b-4503-aba5-4d70caca35d0"}, 
 {"tier":"client_account","scope_type":"designer_client","scope_id":"d0000000-0000-0000-0000-00000000c001"}, 
 {"tier":"field_link","scope_type":"project","scope_id":"d0e00000-0000-0000-0000-00000000000b"}, 
 {"tier":"field_link","scope_type":"project","scope_id":"d0e00000-0000-0000-0000-0
=== r5 BLOCKING-1 control: identity_phone_numbers with my own org + a foreign key ===
  identity_phone_numbers -> HTTP 200 []
=== controls: the objects r5 tightened ===
  people_directory             -> HTTP 200 [{"person_id":"1a8bbc4a-341b-4503-aba5-4d70caca35d0","role":"client","display_name":"Client User","email":"client@patina
  people_directory_seats       -> HTTP 200 []
  project_site_access_cards    -> HTTP 200 []
  project_party_authority      -> HTTP 200 []
  studio_compliance_documents  -> HTTP 200 []
