BEGIN
--- 1. the record: Dana Kowalski, Northgate Electric, COI lapsed 2026-03-31 ---
   full_name   |              company_id              | her_own_paper | her_firm_paper | identity_paper 
---------------+--------------------------------------+---------------+----------------+----------------
 Dana Kowalski | d0e20000-0000-0000-0000-000000000003 | not_on_file   | lapsed         | lapsed
(1 row)

 doc_type | expires_on |       blocks       
----------+------------+--------------------
 coi_gl   | 2026-03-31 | {site_access,draw}
 w9       |            | {payment}
 license  | 2027-12-31 | {}
(3 rows)

SET
SET
--- 2. the shipped inline add on her own number, no rolodex pick ---
                  id                  |          studio_contact_id           | company_id |    company_name    
--------------------------------------+--------------------------------------+------------+--------------------
 884bef5b-5ce2-4f0b-a451-8fb54ae4f3db | d0e10000-0000-0000-0000-000000000011 |            | Northgate Electric
(1 row)

INSERT 0 1
--- 3. the identity row, and every seat line beneath it ---
 display_name  | seat_count | row_paper 
---------------+------------+-----------
 Dana Kowalski |          3 | lapsed
(1 row)

   project_name    | stamped | seat_has_company | seat_paper  
-------------------+---------+------------------+-------------
 Lindqvist kitchen | t       | t                | lapsed
 Okonkwo residence | t       | f                | not_on_file
 Okonkwo residence | t       | t                | lapsed
(3 rows)

ROLLBACK
