URL http://localhost:3000/drafting/11ea46a0-2d0f-44ad-8679-7e740529c566
COMPOSER RAIL PRESENT: 0
  [shot] /Users/kody/Code/patina-merged/artifacts/agreement-composed-2026-09-06/build/waves/w1/web-walk-shots-r2/r30-noparts-flagoff-1280.png
--- ROOM ---
Skip to the paper
←
THE DESK
THE CONTRACT ROOM · DESIGN AGREEMENT
· 6 of 7 facets written
REVIEW & SEND
→

YES TO THE DESIGNER · PROFESSIONAL SERVICES ONLY

Client User — design services agreement

Write the work, rates, retainer, and authority boundary. Furnishings and purchasing stay outside this agreement.

Preview client copy
Saved

CLIENT ACCOUNT

Client User
01
Services & deliverables

Name the professional work and the concrete things the client receives.

SCOPE OF SERVICES
DELIVERABLES · ONE PER LINE
02
Exclusions

Make the authority boundary plain—including purchasing and hard costs.

NOT INCLUDED · ONE PER LINE
03
Role rates

The signed rate schedule becomes the source of truth for billable design time.

+ Add a role
04
Rates & ceiling

Actual time may accrue, but invoicing cannot cross this signed ceiling.

DESIGN AUTHORIZATION CEILING · DOLLARS
FURNISHINGS DEPOSIT · ON EACH AUTHORIZATION
0%
25%
50%
100%
Other
05
Retainer

Choose the amount and whether execution or payment activates work.

RETAINER · DOLLARS
ACTIVATION POLICY
At countersignature
When retainer is paid
06
Billing cadence

Set the rhythm the client should expect.

Monthly
Every two weeks
At named milestones
07
Terms

The agreement language the client reads and signs.

THE CLIENT'S COPY · LIVE

DESIGN SERVICES AGREEMENT · V1

Client User — design services agreement

Prepared for Client User

DRAFT

Services

Interior design services written in the seven-facet room after returning from parts.

What you will receive
Concept presentation
Design documentation
Selection schedules
Not included
Construction
SHELL COUNT: · 6 of 7 facets written
STATUS LINES: []
SAVE BUTTONS: [{"t":"REVIEW & SEND\n→","d":false},{"t":"Saved","d":true}]
markup bytes: 22268 → /Users/kody/Code/patina-merged/artifacts/agreement-composed-2026-09-06/build/waves/w1/web-walk/r30-noparts-flagoff-room.html
  [shot] /Users/kody/Code/patina-merged/artifacts/agreement-composed-2026-09-06/build/waves/w1/web-walk-shots-r2/r30-noparts-flagoff-390.png
