  [shot] /Users/kody/Code/patina-merged/artifacts/agreement-composed-2026-09-06/build/waves/w1/web-walk-shots-r2/c15-p9-flagoff-1280.png
--- COMPOSED BODY ---
DESIGN SERVICES AGREEMENT

Aspen Loft — Design Services (walk r2 flag-off)

AWAITING YOUR SIGNATURE

VERSION 1

Services

Interior design services for the loft: survey, concept, documentation and selections.

Deliverables
— Concept presentation
— Design documentation
Rates & design authorization

Actual professional time is billed at the signed rates below, up to the authorized design amount.

Principal designer
$210 / hr
Design authorization ceiling
$21,000

RETAINER

Not yet set

BILLING CADENCE

Monthly

Additional work requires written authorization before it can be invoiced.

Terms

Ownership of the design documents passes on final payment.

Not included
— Construction labor
— Furnishings, freight, tax, and installation

This agreement authorizes design services only. Furnishings, freight, tax, installation, and purchasing require a separate named furnishings authorization.

PATINA
ASPEN LOFT — DESIGN SERVICES (WALK R2 FLAG-OFF) · V1

One mark stands open on this drawing.

KEY · THE WHOLE HOUSE

Dining Room
Living Room
The road
Paintwork and plaster
SHUT
Aspen Loft — Design Services (walk r2 flag-off) — your name.
HATCHED
Paintwork and plaster — $3,850, held back until you accept it.
OPEN
Everything else in the house stands open.
Dining Room

$9,400 agreed against $4,500 planned — about $4,900 past its target · one piece

Walnut dining table, 96"
ASK FOR A CHANGE IN DINING ROOM

Settled here — one piece agreed.

Walnut dining table, 96"

$9,400

In production — stop 3 of 6
IN PRODUCTION
IN PRODUCTION
AUTHORIZATION NO. 1 · AGREED 28 JULY
Living Room

$3,850 agreed against $9,000 planned — about $5,200 under its target · one piece · finished work waits for your acceptance

Paintwork and plaster
The painted wall

Living Room · Ray Corbin · substantially complete

YOUR ACCEPTANCE IS NEEDED BEFORE THE LINE CONTINUES.

Paintwork and plaster

TRADE SCOPE · $3,850

TYPE YOUR FULL NAME
7 September 2026

Your typed name acts as your electronic signature.

ACCEPT THE FINISHED WORK
Press and hold to accept the finished work.

Type your full name to accept.

ASK FOR A CHANGE IN LIVING ROOM

Settled here — one piece agreed, and one standing in the room.

Paintwork and pl
  [shot] /Users/kody/Code/patina-merged/artifacts/agreement-composed-2026-09-06/build/waves/w1/web-walk-shots-r2/c15-p9-flagoff-390.png
