  [shot] /Users/kody/Code/patina-merged/artifacts/agreement-composed-2026-09-06/build/waves/w1/web-walk-shots-r2/r01-draft-agreement-sheet.png
OPTIONS ["Nora Ellisonclient-solo@patina.dev","Client Userclient@patina.dev","Elena Marlowe (no-login household)No email on file","The Ashfords (no-login household)No email on file"]
PROPOSAL_ID a19121dc-07a0-42df-aa05-42d671f1d124
FIRST OPEN: rail rows = 9; readiness = 3 OF 9 PARTS NEED ATTENTION
  [shot] /Users/kody/Code/patina-merged/artifacts/agreement-composed-2026-09-06/build/waves/w1/web-walk-shots-r2/r02-firstopen-pprod.png
  [shot] /Users/kody/Code/patina-merged/artifacts/agreement-composed-2026-09-06/build/waves/w1/web-walk-shots-r2/r02-contract-room-1280.png
RAIL ROWS AFTER RELOAD (9)
  1. ⠿ | CLAUSE | Services· | ⋯
  2. ⠿ | LIST | Deliverables | ⋯
  3. ⠿ | LIST | Exclusions | ⋯
  4. ⠿ | ROLE RATES · CREATES AUTHORITY | Role rates | ⋯
  5. ⠿ | CEILING · CREATES AUTHORITY | Ceiling | NEEDS ATTENTION | ⋯
  6. ⠿ | FURNISHINGS DEPOSIT | Furnishings deposit | ⋯
  7. ⠿ | RETAINER · CREATES AUTHORITY | Retainer | NEEDS ATTENTION | ⋯
  8. ⠿ | BILLING CADENCE · CREATES AUTHORITY | Billing cadence | ⋯
  9. ⠿ | CLAUSE | Terms· | NEEDS ATTENTION | ⋯
READINESS:
3 OF 9 PARTS NEED ATTENTION
HEADING: Client User — design services agreement
  [shot] /Users/kody/Code/patina-merged/artifacts/agreement-composed-2026-09-06/build/waves/w1/web-walk-shots-r2/r02-contract-room-390.png
